// Jest Snapshot v1, https://goo.gl/fbAQLP

exports[`NotFoundPage renders without errors 1`] = `ShallowWrapper {}`;
