// Jest Snapshot v1, https://goo.gl/fbAQLP

exports[`WorldsPage renders without errors 1`] = `ShallowWrapper {}`;
